
[1m[46m RUN [49m[22m [36mv4.0.18 [39m[90mD:/Coding/Citing[39m

[90mstdout[2m | tests/test_edgeCases.test.ts
[22m[39mCSL styles loaded: apa, vancouver, harvard1, chicago, mla, ieee

 [31m×[39m tests/test_edgeCases.test.ts[2m > [22mParser Isolation & Edge Cases[2m > [22mParser Isolation: Output must only derive from input (No silent fetch)[32m 11[2mms[22m[39m
[31m   → expected [ 'Dr. FakeAuthorName, X. Y.', …(1) ] to deeply equal [ 'FakeAuthorName, X. Y.', …(1) ][39m
 [31m×[39m tests/test_edgeCases.test.ts[2m > [22mParser Isolation & Edge Cases[2m > [22mRound-Trip Normalization Test[32m 91[2mms[22m[39m
[31m   → expected 'A. B. Smith and J. Doe “Normalization…' to match /2022\s*;\s*14/[39m
 [31m×[39m tests/test_edgeCases.test.ts[2m > [22mParser Isolation & Edge Cases[2m > [22mTrailing Year n.d. Fallback Protection (IEEE Bug #14)[32m 6[2mms[22m[39m
[31m   → expected 'A test title for trailing years,' to be 'A test title for trailing years' // Object.is equality[39m
 [31m×[39m tests/test_edgeCases.test.ts[2m > [22mParser Isolation & Edge Cases[2m > [22mSupplement and Article Number Normalization[32m 1[2mms[22m[39m
[31m   → expected undefined to be 'Article 40012' // Object.is equality[39m

[2m Test Files [22m [1m[31m1 failed[39m[22m[90m (1)[39m
[2m      Tests [22m [1m[31m4 failed[39m[22m[90m (4)[39m
[2m   Start at [22m 01:59:55
[2m   Duration [22m 1.32s[2m (transform 122ms, setup 0ms, import 504ms, tests 110ms, environment 0ms)[22m

